// Jest Snapshot v1, https://goo.gl/fbAQLP

exports[`Playout API Basic rundown control 1`] = `
Array [
  Object {
    "_id": "mockStudio0",
    "generated": 12345,
    "timeline": Array [
      Object {
        "classes": Array [
          "rundown_active",
        ],
        "content": Object {
          "deviceType": 0,
        },
        "enable": Object {
          "while": 1,
        },
        "id": "playlist_randomId9000_status",
        "layer": "rundown_status",
        "objectType": "rundown",
      },
      Object {
        "children": Array [],
        "content": Object {
          "deviceType": 0,
          "type": "group",
        },
        "enable": Object {
          "start": "now",
        },
        "id": "part_group_randomId9000_part0_0_randomId9002",
        "isGroup": true,
        "isPartGroup": true,
        "layer": "",
        "metaData": Object {
          "isPieceTimeline": true,
        },
        "objectType": "rundown",
        "priority": 5,
      },
      Object {
        "classes": Array [],
        "content": Object {
          "callBack": "partPlaybackStarted",
          "callBackData": Object {
            "partInstanceId": "randomId9000_part0_0_randomId9002",
            "rundownPlaylistId": "playlist_randomId9000",
          },
          "callBackStopped": "partPlaybackStopped",
          "deviceType": 0,
          "type": "callback",
        },
        "enable": Object {
          "start": 0,
        },
        "id": "part_group_firstobject_randomId9000_part0_0_randomId9002",
        "inGroup": "part_group_randomId9000_part0_0_randomId9002",
        "layer": "group_first_object",
        "objectType": "rundown",
      },
      Object {
        "children": Array [],
        "content": Object {
          "deviceType": 0,
          "type": "group",
        },
        "enable": Object {
          "start": 0,
        },
        "id": "piece_group_randomId9000_part0_0_randomId9002_randomId9000_piece001",
        "inGroup": "part_group_randomId9000_part0_0_randomId9002",
        "isGroup": true,
        "layer": "vt0",
        "metaData": Object {
          "isPieceTimeline": true,
          "pieceId": "randomId9000_part0_0_randomId9002_randomId9000_piece001",
        },
        "objectType": "rundown",
        "priority": 5,
      },
      Object {
        "classes": Array [
          "current_part",
        ],
        "content": Object {
          "callBack": "piecePlaybackStarted",
          "callBackData": Object {
            "dynamicallyInserted": false,
            "pieceInstanceId": "randomId9000_part0_0_randomId9002_randomId9000_piece001",
            "rundownPlaylistId": "playlist_randomId9000",
          },
          "callBackStopped": "piecePlaybackStopped",
          "deviceType": 0,
          "type": "callback",
        },
        "enable": Object {
          "start": 0,
        },
        "id": "piece_group_firstobject_randomId9000_part0_0_randomId9002_randomId9000_piece001",
        "inGroup": "piece_group_randomId9000_part0_0_randomId9002_randomId9000_piece001",
        "layer": "vt0_firstobject",
        "objectType": "rundown",
      },
    ],
    "timelineHash": "randomId9006",
  },
]
`;

exports[`Playout API Basic rundown control 2`] = `
Object {
  "_id": "randomId9000",
  "_rank": 0,
  "created": 0,
  "externalId": "MOCK_RUNDOWN_randomId9002",
  "externalNRCSName": "mock",
  "importVersions": Object {
    "blueprint": "",
    "core": "",
    "showStyleBase": "",
    "showStyleVariant": "",
    "studio": "",
  },
  "modified": 0,
  "name": "Default Rundown",
  "organizationId": null,
  "playlistId": "playlist_randomId9000",
  "showStyleBaseId": "mockShowStyleBase0",
  "showStyleVariantId": "mockShowStyleVariant0",
  "studioId": "mockStudio0",
  "timing": Object {
    "type": "none",
  },
}
`;

exports[`Playout API Basic rundown control 3`] = `
Array [
  Object {
    "_id": "mockStudio0",
    "generated": 12345,
    "generationVersions": Object {
      "blueprintId": "mockBlueprint0",
      "blueprintVersion": "0.0.0",
      "core": "0.0.0-test",
      "studio": "asdf",
    },
    "timelineBlob": "[]",
    "timelineHash": "randomId9023",
  },
]
`;

exports[`Playout API Basic rundown control 4`] = `
Object {
  "_id": "playlist_randomId9000",
  "created": 0,
  "currentPartInstanceId": null,
  "externalId": "MOCK_RUNDOWNPLAYLIST",
  "holdState": 0,
  "modified": 0,
  "name": "Default RundownPlaylist",
  "nextPartInstanceId": null,
  "nextPartManual": false,
  "nextTimeOffset": null,
  "organizationId": null,
  "previousPartInstanceId": null,
  "rehearsal": false,
  "studioId": "mockStudio0",
  "timing": Object {
    "type": "none",
  },
}
`;

exports[`Playout API Basic rundown control 5`] = `
Object {
  "_id": "randomId9000",
  "_rank": 0,
  "created": 0,
  "externalId": "MOCK_RUNDOWN_randomId9002",
  "externalNRCSName": "mock",
  "importVersions": Object {
    "blueprint": "",
    "core": "",
    "showStyleBase": "",
    "showStyleVariant": "",
    "studio": "",
  },
  "modified": 0,
  "name": "Default Rundown",
  "organizationId": null,
  "playlistId": "playlist_randomId9000",
  "showStyleBaseId": "mockShowStyleBase0",
  "showStyleVariantId": "mockShowStyleVariant0",
  "studioId": "mockStudio0",
  "timing": Object {
    "type": "none",
  },
}
`;
